
> builderx@0.1.0 test
> jest src/components/blocks/__tests__/ProductLayout.test.tsx

node.exe : ΓùÅ 
Validation Warning:
At line:1 char:1
+ & "C:\Program File
s\nodejs/node.exe" 
"C:\Program Files\no
dejs/node_mo ...
+ ~~~~~~~~~~~~~~~~~~
~~~~~~~~~~~~~~~~~~~~
~~~~~~~~~~~~~~~~~~~~
~~~~~~~~~~~
    + CategoryInfo  
            : NotS  
  pecified: (ΓùÅ    
 Validation Warn    
ing::String) []    
, RemoteExcepti    
on
    + FullyQualifie 
   dErrorId : Nati  
  veCommandError
 

  Unknown option 
"moduleNameMapping" 
with value 
{"^@/(.*)$": 
"<rootDir>/src/$1"} 
was found.
  This is probably 
a typing mistake. 
Fixing it will 
remove this message.

  Configuration 
Documentation:
  https://jestjs.io/
docs/configuration

ΓùÅ Validation 
Warning:

  Unknown option 
"moduleNameMapping" 
with value 
{"^@/(.*)$": 
"<rootDir>/src/$1"} 
was found.
  This is probably 
a typing mistake. 
Fixing it will 
remove this message.

  Configuration 
Documentation:
  https://jestjs.io/
docs/configuration

ts-jest[config] 
(WARN) [94mmessage
[0m[90m TS151001: 
[0mIf you have 
issues related to 
imports, you should 
consider setting 
`esModuleInterop` 
to `true` in your 
TypeScript 
configuration file 
(usually 
`tsconfig.json`). 
See https://blogs.ms
dn.microsoft.com/typ
escript/2018/01/31/a
nnouncing-typescript
-2-7/#easier-ecmascr
ipt-module-interoper
ability for more 
information.
  console.error
    Error: Uncaught [TypeError: Cannot read properties of undefined (reading 'useEffect')]
        at reportException (D:\js-pagebuilder-main\node_modules\jsdom\lib\jsdom\living\helpers\runtime-script-errors.js:66:24)
        at innerInvokeEventListeners (D:\js-pagebuilder-main\node_modules\jsdom\lib\jsdom\living\events\EventTarget-impl.js:353:9)
        at invokeEventListeners (D:\js-pagebuilder-main\node_modules\jsdom\lib\jsdom\living\events\EventTarget-impl.js:286:3)
        at HTMLUnknownElementImpl._dispatch (D:\js-pagebuilder-main\node_modules\jsdom\lib\jsdom\living\events\EventTarget-impl.js:233:9)
        at HTMLUnknownElementImpl.dispatchEvent (D:\js-pagebuilder-main\node_modules\jsdom\lib\jsdom\living\events\EventTarget-impl.js:104:17)
        at HTMLUnknownElement.dispatchEvent (D:\js-pagebuilder-main\node_modules\jsdom\lib\jsdom\living\generated\EventTarget.js:241:34)
        at Object.invokeGuardedCallbackDev (D:\js-pagebuilder-main\node_modules\react-dom\cjs\react-dom.development.js:4213:16)
        at invokeGuardedCallback (D:\js-pagebuilder-main\node_modules\react-dom\cjs\react-dom.development.js:4277:31)
        at beginWork$1 (D:\js-pagebuilder-main\node_modules\react-dom\cjs\react-dom.development.js:27490:7)
        at performUnitOfWork (D:\js-pagebuilder-main\node_modules\react-dom\cjs\react-dom.development.js:26599:12)
        at workLoopSync (D:\js-pagebuilder-main\node_modules\react-dom\cjs\react-dom.development.js:26505:5)
        at renderRootSync (D:\js-pagebuilder-main\node_modules\react-dom\cjs\react-dom.development.js:26473:7)
        at performConcurrentWorkOnRoot (D:\js-pagebuilder-main\node_modules\react-dom\cjs\react-dom.development.js:25777:74)
        at flushActQueue (D:\js-pagebuilder-main\node_modules\react\cjs\react.development.js:2667:24)
        at act (D:\js-pagebuilder-main\node_modules\react\cjs\react.development.js:2582:11)
        at D:\js-pagebuilder-main\node_modules\@testing-library\react\dist\act-compat.js:47:25
        at renderRoot (D:\js-pagebuilder-main\node_modules\@testing-library\react\dist\pure.js:190:26)
        at render (D:\js-pagebuilder-main\node_modules\@testing-library\react\dist\pure.js:292:10)
        at Object.<anonymous> (D:\js-pagebuilder-main\src\components\blocks\__tests__\ProductLayout.test.tsx:50:37)
        at Promise.finally.completed (D:\js-pagebuilder-main\node_modules\jest-circus\build\jestAdapterInit.js:1556:28)
        at new Promise (<anonymous>)
        at callAsyncCircusFn (D:\js-pagebuilder-main\node_modules\jest-circus\build\jestAdapterInit.js:1496:10)
        at _callCircusTest (D:\js-pagebuilder-main\node_modules\jest-circus\build\jestAdapterInit.js:1006:40)
        at _runTest (D:\js-pagebuilder-main\node_modules\jest-circus\build\jestAdapterInit.js:946:3)
        at _runTestsForDescribeBlock (D:\js-pagebuilder-main\node_modules\jest-circus\build\jestAdapterInit.js:839:13)
        at _runTestsForDescribeBlock (D:\js-pagebuilder-main\node_modules\jest-circus\build\jestAdapterInit.js:829:11)
        at run (D:\js-pagebuilder-main\node_modules\jest-circus\build\jestAdapterInit.js:757:3)
        at runAndTransformResultsToJestFormat (D:\js-pagebuilder-main\node_modules\jest-circus\build\jestAdapterInit.js:1917:21)
        at jestAdapter (D:\js-pagebuilder-main\node_modules\jest-circus\build\runner.js:101:19)
        at runTestInternal (D:\js-pagebuilder-main\node_modules\jest-runner\build\index.js:275:16)
        at runTest (D:\js-pagebuilder-main\node_modules\jest-runner\build\index.js:343:7) {
      detail: TypeError: Cannot read properties of undefined (reading 'useEffect')
          at ProductBlock (D:\js-pagebuilder-main\src\components\blocks\ProductBlock.tsx:70:9)
          at renderWithHooks (D:\js-pagebuilder-main\node_modules\react-dom\cjs\react-dom.development.js:15486:18)
          at mountIndeterminateComponent (D:\js-pagebuilder-main\node_modules\react-dom\cjs\react-dom.development.js:20103:13)
          at beginWork (D:\js-pagebuilder-main\node_modules\react-dom\cjs\react-dom.development.js:21626:16)
          at HTMLUnknownElement.callCallback (D:\js-pagebuilder-main\node_modules\react-dom\cjs\react-dom.development.js:4164:14)
          at HTMLUnknownElement.callTheUserObjectsOperation (D:\js-pagebuilder-main\node_modules\jsdom\lib\jsdom\living\generated\EventListener.js:26:30)
          at innerInvokeEventListeners (D:\js-pagebuilder-main\node_modules\jsdom\lib\jsdom\living\events\EventTarget-impl.js:350:25)
          at invokeEventListeners (D:\js-pagebuilder-main\node_modules\jsdom\lib\jsdom\living\events\EventTarget-impl.js:286:3)
          at HTMLUnknownElementImpl._dispatch (D:\js-pagebuilder-main\node_modules\jsdom\lib\jsdom\living\events\EventTarget-impl.js:233:9)
          at HTMLUnknownElementImpl.dispatchEvent (D:\js-pagebuilder-main\node_modules\jsdom\lib\jsdom\living\events\EventTarget-impl.js:104:17)
          at HTMLUnknownElement.dispatchEvent (D:\js-pagebuilder-main\node_modules\jsdom\lib\jsdom\living\generated\EventTarget.js:241:34)
          at Object.invokeGuardedCallbackDev (D:\js-pagebuilder-main\node_modules\react-dom\cjs\react-dom.development.js:4213:16)
          at invokeGuardedCallback (D:\js-pagebuilder-main\node_modules\react-dom\cjs\react-dom.development.js:4277:31)
          at beginWork$1 (D:\js-pagebuilder-main\node_modules\react-dom\cjs\react-dom.development.js:27490:7)
          at performUnitOfWork (D:\js-pagebuilder-main\node_modules\react-dom\cjs\react-dom.development.js:26599:12)
          at workLoopSync (D:\js-pagebuilder-main\node_modules\react-dom\cjs\react-dom.development.js:26505:5)
          at renderRootSync (D:\js-pagebuilder-main\node_modules\react-dom\cjs\react-dom.development.js:26473:7)
          at performConcurrentWorkOnRoot (D:\js-pagebuilder-main\node_modules\react-dom\cjs\react-dom.development.js:25777:74)
          at flushActQueue (D:\js-pagebuilder-main\node_modules\react\cjs\react.development.js:2667:24)
          at act (D:\js-pagebuilder-main\node_modules\react\cjs\react.development.js:2582:11)
          at D:\js-pagebuilder-main\node_modules\@testing-library\react\dist\act-compat.js:47:25
          at renderRoot (D:\js-pagebuilder-main\node_modules\@testing-library\react\dist\pure.js:190:26)
          at render (D:\js-pagebuilder-main\node_modules\@testing-library\react\dist\pure.js:292:10)
          at Object.<anonymous> (D:\js-pagebuilder-main\src\components\blocks\__tests__\ProductLayout.test.tsx:50:37)
          at Promise.finally.completed (D:\js-pagebuilder-main\node_modules\jest-circus\build\jestAdapterInit.js:1556:28)
          at new Promise (<anonymous>)
          at callAsyncCircusFn (D:\js-pagebuilder-main\node_modules\jest-circus\build\jestAdapterInit.js:1496:10)
          at _callCircusTest (D:\js-pagebuilder-main\node_modules\jest-circus\build\jestAdapterInit.js:1006:40)
          at _runTest (D:\js-pagebuilder-main\node_modules\jest-circus\build\jestAdapterInit.js:946:3)
          at _runTestsForDescribeBlock (D:\js-pagebuilder-main\node_modules\jest-circus\build\jestAdapterInit.js:839:13)
          at _runTestsForDescribeBlock (D:\js-pagebuilder-main\node_modules\jest-circus\build\jestAdapterInit.js:829:11)
          at run (D:\js-pagebuilder-main\node_modules\jest-circus\build\jestAdapterInit.js:757:3)
          at runAndTransformResultsToJestFormat (D:\js-pagebuilder-main\node_modules\jest-circus\build\jestAdapterInit.js:1917:21)
          at jestAdapter (D:\js-pagebuilder-main\node_modules\jest-circus\build\runner.js:101:19)
          at runTestInternal (D:\js-pagebuilder-main\node_modules\jest-runner\build\index.js:275:16)
          at runTest (D:\js-pagebuilder-main\node_modules\jest-runner\build\index.js:343:7),
      type: 'unhandled exception'
    }

    [0m [90m 48 |[39m
     [90m 49 |[39m     it([32m'renders Responsive Grid styles correctly'[39m[33m,[39m [36masync[39m () [33m=>[39m {
    [31m[1m>[22m[39m[90m 50 |[39m         [36mconst[39m { container } [33m=[39m render([33m<[39m[33mProductBlock[39m {[33m...[39mdefaultProps} [33m/[39m[33m>[39m)[33m;[39m
     [90m    |[39m                                     [31m[1m^[22m[39m
     [90m 51 |[39m
     [90m 52 |[39m         [90m// Wait for data to load[39m
     [90m 53 |[39m         [36mawait[39m waitFor(() [33m=>[39m screen[33m.[39mgetAllByText([32m'Product Item'[39m))[33m;[39m[0m

      at VirtualConsole.<anonymous> (node_modules/@jest/environment-jsdom-abstract/build/index.js:78:23)
      at reportException (node_modules/jsdom/lib/jsdom/living/helpers/runtime-script-errors.js:70:28)
      at innerInvokeEventListeners (node_modules/jsdom/lib/jsdom/living/events/EventTarget-impl.js:353:9)
      at invokeEventListeners (node_modules/jsdom/lib/jsdom/living/events/EventTarget-impl.js:286:3)
      at HTMLUnknownElementImpl._dispatch (node_modules/jsdom/lib/jsdom/living/events/EventTarget-impl.js:233:9)
      at HTMLUnknownElementImpl.dispatchEvent (node_modules/jsdom/lib/jsdom/living/events/EventTarget-impl.js:104:17)
      at HTMLUnknownElement.dispatchEvent (node_modules/jsdom/lib/jsdom/living/generated/EventTarget.js:241:34)
      at Object.invokeGuardedCallbackDev (node_modules/react-dom/cjs/react-dom.development.js:4213:16)
      at invokeGuardedCallback (node_modules/react-dom/cjs/react-dom.development.js:4277:31)
      at beginWork$1 (node_modules/react-dom/cjs/react-dom.development.js:27490:7)
      at performUnitOfWork (node_modules/react-dom/cjs/react-dom.development.js:26599:12)
      at workLoopSync (node_modules/react-dom/cjs/react-dom.development.js:26505:5)
      at renderRootSync (node_modules/react-dom/cjs/react-dom.development.js:26473:7)
      at performConcurrentWorkOnRoot (node_modules/react-dom/cjs/react-dom.development.js:25777:74)
      at flushActQueue (node_modules/react/cjs/react.development.js:2667:24)
      at act (node_modules/react/cjs/react.development.js:2582:11)
      at node_modules/@testing-library/react/dist/act-compat.js:47:25
      at renderRoot (node_modules/@testing-library/react/dist/pure.js:190:26)
      at render (node_modules/@testing-library/react/dist/pure.js:292:10)
      at Object.<anonymous> (src/components/blocks/__tests__/ProductLayout.test.tsx:50:37)

  console.error
    Error: Uncaught [TypeError: Cannot read properties of undefined (reading 'useEffect')]
        at reportException (D:\js-pagebuilder-main\node_modules\jsdom\lib\jsdom\living\helpers\runtime-script-errors.js:66:24)
        at innerInvokeEventListeners (D:\js-pagebuilder-main\node_modules\jsdom\lib\jsdom\living\events\EventTarget-impl.js:353:9)
        at invokeEventListeners (D:\js-pagebuilder-main\node_modules\jsdom\lib\jsdom\living\events\EventTarget-impl.js:286:3)
        at HTMLUnknownElementImpl._dispatch (D:\js-pagebuilder-main\node_modules\jsdom\lib\jsdom\living\events\EventTarget-impl.js:233:9)
        at HTMLUnknownElementImpl.dispatchEvent (D:\js-pagebuilder-main\node_modules\jsdom\lib\jsdom\living\events\EventTarget-impl.js:104:17)
        at HTMLUnknownElement.dispatchEvent (D:\js-pagebuilder-main\node_modules\jsdom\lib\jsdom\living\generated\EventTarget.js:241:34)
        at Object.invokeGuardedCallbackDev (D:\js-pagebuilder-main\node_modules\react-dom\cjs\react-dom.development.js:4213:16)
        at invokeGuardedCallback (D:\js-pagebuilder-main\node_modules\react-dom\cjs\react-dom.development.js:4277:31)
        at beginWork$1 (D:\js-pagebuilder-main\node_modules\react-dom\cjs\react-dom.development.js:27490:7)
        at performUnitOfWork (D:\js-pagebuilder-main\node_modules\react-dom\cjs\react-dom.development.js:26599:12)
        at workLoopSync (D:\js-pagebuilder-main\node_modules\react-dom\cjs\react-dom.development.js:26505:5)
        at renderRootSync (D:\js-pagebuilder-main\node_modules\react-dom\cjs\react-dom.development.js:26473:7)
        at recoverFromConcurrentError (D:\js-pagebuilder-main\node_modules\react-dom\cjs\react-dom.development.js:25889:20)
        at performConcurrentWorkOnRoot (D:\js-pagebuilder-main\node_modules\react-dom\cjs\react-dom.development.js:25789:22)
        at flushActQueue (D:\js-pagebuilder-main\node_modules\react\cjs\react.development.js:2667:24)
        at act (D:\js-pagebuilder-main\node_modules\react\cjs\react.development.js:2582:11)
        at D:\js-pagebuilder-main\node_modules\@testing-library\react\dist\act-compat.js:47:25
        at renderRoot (D:\js-pagebuilder-main\node_modules\@testing-library\react\dist\pure.js:190:26)
        at render (D:\js-pagebuilder-main\node_modules\@testing-library\react\dist\pure.js:292:10)
        at Object.<anonymous> (D:\js-pagebuilder-main\src\components\blocks\__tests__\ProductLayout.test.tsx:50:37)
        at Promise.finally.completed (D:\js-pagebuilder-main\node_modules\jest-circus\build\jestAdapterInit.js:1556:28)
        at new Promise (<anonymous>)
        at callAsyncCircusFn (D:\js-pagebuilder-main\node_modules\jest-circus\build\jestAdapterInit.js:1496:10)
        at _callCircusTest (D:\js-pagebuilder-main\node_modules\jest-circus\build\jestAdapterInit.js:1006:40)
        at _runTest (D:\js-pagebuilder-main\node_modules\jest-circus\build\jestAdapterInit.js:946:3)
        at _runTestsForDescribeBlock (D:\js-pagebuilder-main\node_modules\jest-circus\build\jestAdapterInit.js:839:13)
        at _runTestsForDescribeBlock (D:\js-pagebuilder-main\node_modules\jest-circus\build\jestAdapterInit.js:829:11)
        at run (D:\js-pagebuilder-main\node_modules\jest-circus\build\jestAdapterInit.js:757:3)
        at runAndTransformResultsToJestFormat (D:\js-pagebuilder-main\node_modules\jest-circus\build\jestAdapterInit.js:1917:21)
        at jestAdapter (D:\js-pagebuilder-main\node_modules\jest-circus\build\runner.js:101:19)
        at runTestInternal (D:\js-pagebuilder-main\node_modules\jest-runner\build\index.js:275:16)
        at runTest (D:\js-pagebuilder-main\node_modules\jest-runner\build\index.js:343:7) {
      detail: TypeError: Cannot read properties of undefined (reading 'useEffect')
          at ProductBlock (D:\js-pagebuilder-main\src\components\blocks\ProductBlock.tsx:70:9)
          at renderWithHooks (D:\js-pagebuilder-main\node_modules\react-dom\cjs\react-dom.development.js:15486:18)
          at mountIndeterminateComponent (D:\js-pagebuilder-main\node_modules\react-dom\cjs\react-dom.development.js:20103:13)
          at beginWork (D:\js-pagebuilder-main\node_modules\react-dom\cjs\react-dom.development.js:21626:16)
          at HTMLUnknownElement.callCallback (D:\js-pagebuilder-main\node_modules\react-dom\cjs\react-dom.development.js:4164:14)
          at HTMLUnknownElement.callTheUserObjectsOperation (D:\js-pagebuilder-main\node_modules\jsdom\lib\jsdom\living\generated\EventListener.js:26:30)
          at innerInvokeEventListeners (D:\js-pagebuilder-main\node_modules\jsdom\lib\jsdom\living\events\EventTarget-impl.js:350:25)
          at invokeEventListeners (D:\js-pagebuilder-main\node_modules\jsdom\lib\jsdom\living\events\EventTarget-impl.js:286:3)
          at HTMLUnknownElementImpl._dispatch (D:\js-pagebuilder-main\node_modules\jsdom\lib\jsdom\living\events\EventTarget-impl.js:233:9)
          at HTMLUnknownElementImpl.dispatchEvent (D:\js-pagebuilder-main\node_modules\jsdom\lib\jsdom\living\events\EventTarget-impl.js:104:17)
          at HTMLUnknownElement.dispatchEvent (D:\js-pagebuilder-main\node_modules\jsdom\lib\jsdom\living\generated\EventTarget.js:241:34)
          at Object.invokeGuardedCallbackDev (D:\js-pagebuilder-main\node_modules\react-dom\cjs\react-dom.development.js:4213:16)
          at invokeGuardedCallback (D:\js-pagebuilder-main\node_modules\react-dom\cjs\react-dom.development.js:4277:31)
          at beginWork$1 (D:\js-pagebuilder-main\node_modules\react-dom\cjs\react-dom.development.js:27490:7)
          at performUnitOfWork (D:\js-pagebuilder-main\node_modules\react-dom\cjs\react-dom.development.js:26599:12)
          at workLoopSync (D:\js-pagebuilder-main\node_modules\react-dom\cjs\react-dom.development.js:26505:5)
          at renderRootSync (D:\js-pagebuilder-main\node_modules\react-dom\cjs\react-dom.development.js:26473:7)
          at recoverFromConcurrentError (D:\js-pagebuilder-main\node_modules\react-dom\cjs\react-dom.development.js:25889:20)
          at performConcurrentWorkOnRoot (D:\js-pagebuilder-main\node_modules\react-dom\cjs\react-dom.development.js:25789:22)
          at flushActQueue (D:\js-pagebuilder-main\node_modules\react\cjs\react.development.js:2667:24)
          at act (D:\js-pagebuilder-main\node_modules\react\cjs\react.development.js:2582:11)
          at D:\js-pagebuilder-main\node_modules\@testing-library\react\dist\act-compat.js:47:25
          at renderRoot (D:\js-pagebuilder-main\node_modules\@testing-library\react\dist\pure.js:190:26)
          at render (D:\js-pagebuilder-main\node_modules\@testing-library\react\dist\pure.js:292:10)
          at Object.<anonymous> (D:\js-pagebuilder-main\src\components\blocks\__tests__\ProductLayout.test.tsx:50:37)
          at Promise.finally.completed (D:\js-pagebuilder-main\node_modules\jest-circus\build\jestAdapterInit.js:1556:28)
          at new Promise (<anonymous>)
          at callAsyncCircusFn (D:\js-pagebuilder-main\node_modules\jest-circus\build\jestAdapterInit.js:1496:10)
          at _callCircusTest (D:\js-pagebuilder-main\node_modules\jest-circus\build\jestAdapterInit.js:1006:40)
          at _runTest (D:\js-pagebuilder-main\node_modules\jest-circus\build\jestAdapterInit.js:946:3)
          at _runTestsForDescribeBlock (D:\js-pagebuilder-main\node_modules\jest-circus\build\jestAdapterInit.js:839:13)
          at _runTestsForDescribeBlock (D:\js-pagebuilder-main\node_modules\jest-circus\build\jestAdapterInit.js:829:11)
          at run (D:\js-pagebuilder-main\node_modules\jest-circus\build\jestAdapterInit.js:757:3)
          at runAndTransformResultsToJestFormat (D:\js-pagebuilder-main\node_modules\jest-circus\build\jestAdapterInit.js:1917:21)
          at jestAdapter (D:\js-pagebuilder-main\node_modules\jest-circus\build\runner.js:101:19)
          at runTestInternal (D:\js-pagebuilder-main\node_modules\jest-runner\build\index.js:275:16)
          at runTest (D:\js-pagebuilder-main\node_modules\jest-runner\build\index.js:343:7),
      type: 'unhandled exception'
    }

    [0m [90m 48 |[39m
     [90m 49 |[39m     it([32m'renders Responsive Grid styles correctly'[39m[33m,[39m [36masync[39m () [33m=>[39m {
    [31m[1m>[22m[39m[90m 50 |[39m         [36mconst[39m { container } [33m=[39m render([33m<[39m[33mProductBlock[39m {[33m...[39mdefaultProps} [33m/[39m[33m>[39m)[33m;[39m
     [90m    |[39m                                     [31m[1m^[22m[39m
     [90m 51 |[39m
     [90m 52 |[39m         [90m// Wait for data to load[39m
     [90m 53 |[39m         [36mawait[39m waitFor(() [33m=>[39m screen[33m.[39mgetAllByText([32m'Product Item'[39m))[33m;[39m[0m

      at VirtualConsole.<anonymous> (node_modules/@jest/environment-jsdom-abstract/build/index.js:78:23)
      at reportException (node_modules/jsdom/lib/jsdom/living/helpers/runtime-script-errors.js:70:28)
      at innerInvokeEventListeners (node_modules/jsdom/lib/jsdom/living/events/EventTarget-impl.js:353:9)
      at invokeEventListeners (node_modules/jsdom/lib/jsdom/living/events/EventTarget-impl.js:286:3)
      at HTMLUnknownElementImpl._dispatch (node_modules/jsdom/lib/jsdom/living/events/EventTarget-impl.js:233:9)
      at HTMLUnknownElementImpl.dispatchEvent (node_modules/jsdom/lib/jsdom/living/events/EventTarget-impl.js:104:17)
      at HTMLUnknownElement.dispatchEvent (node_modules/jsdom/lib/jsdom/living/generated/EventTarget.js:241:34)
      at Object.invokeGuardedCallbackDev (node_modules/react-dom/cjs/react-dom.development.js:4213:16)
      at invokeGuardedCallback (node_modules/react-dom/cjs/react-dom.development.js:4277:31)
      at beginWork$1 (node_modules/react-dom/cjs/react-dom.development.js:27490:7)
      at performUnitOfWork (node_modules/react-dom/cjs/react-dom.development.js:26599:12)
      at workLoopSync (node_modules/react-dom/cjs/react-dom.development.js:26505:5)
      at renderRootSync (node_modules/react-dom/cjs/react-dom.development.js:26473:7)
      at recoverFromConcurrentError (node_modules/react-dom/cjs/react-dom.development.js:25889:20)
      at performConcurrentWorkOnRoot (node_modules/react-dom/cjs/react-dom.development.js:25789:22)
      at flushActQueue (node_modules/react/cjs/react.development.js:2667:24)
      at act (node_modules/react/cjs/react.development.js:2582:11)
      at node_modules/@testing-library/react/dist/act-compat.js:47:25
      at renderRoot (node_modules/@testing-library/react/dist/pure.js:190:26)
      at render (node_modules/@testing-library/react/dist/pure.js:292:10)
      at Object.<anonymous> (src/components/blocks/__tests__/ProductLayout.test.tsx:50:37)

  console.error
    The above error occurred in the <ProductBlock> component:
    
        at ProductBlock (D:\js-pagebuilder-main\src\components\blocks\ProductBlock.tsx:12:9)
    
    Consider adding an error boundary to your tree to customize error handling behavior.
    Visit https://reactjs.org/link/error-boundaries to learn more about error boundaries.

    [0m [90m 48 |[39m
     [90m 49 |[39m     it([32m'renders Responsive Grid styles correctly'[39m[33m,[39m [36masync[39m () [33m=>[39m {
    [31m[1m>[22m[39m[90m 50 |[39m         [36mconst[39m { container } [33m=[39m render([33m<[39m[33mProductBlock[39m {[33m...[39mdefaultProps} [33m/[39m[33m>[39m)[33m;[39m
     [90m    |[39m                                     [31m[1m^[22m[39m
     [90m 51 |[39m
     [90m 52 |[39m         [90m// Wait for data to load[39m
     [90m 53 |[39m         [36mawait[39m waitFor(() [33m=>[39m screen[33m.[39mgetAllByText([32m'Product Item'[39m))[33m;[39m[0m

      at logCapturedError (node_modules/react-dom/cjs/react-dom.development.js:18704:23)
      at update.callback (node_modules/react-dom/cjs/react-dom.development.js:18737:5)
      at callCallback (node_modules/react-dom/cjs/react-dom.development.js:15036:12)
      at commitUpdateQueue (node_modules/react-dom/cjs/react-dom.development.js:15057:9)
      at commitLayoutEffectOnFiber (node_modules/react-dom/cjs/react-dom.development.js:23430:13)
      at commitLayoutMountEffects_complete (node_modules/react-dom/cjs/react-dom.development.js:24727:9)
      at commitLayoutEffects_begin (node_modules/react-dom/cjs/react-dom.development.js:24713:7)
      at commitLayoutEffects (node_modules/react-dom/cjs/react-dom.development.js:24651:3)
      at commitRootImpl (node_modules/react-dom/cjs/react-dom.development.js:26862:5)
      at commitRoot (node_modules/react-dom/cjs/react-dom.development.js:26721:5)
      at finishConcurrentRender (node_modules/react-dom/cjs/react-dom.development.js:25931:9)
      at performConcurrentWorkOnRoot (node_modules/react-dom/cjs/react-dom.development.js:25848:7)
      at flushActQueue (node_modules/react/cjs/react.development.js:2667:24)
      at act (node_modules/react/cjs/react.development.js:2582:11)
      at node_modules/@testing-library/react/dist/act-compat.js:47:25
      at renderRoot (node_modules/@testing-library/react/dist/pure.js:190:26)
      at render (node_modules/@testing-library/react/dist/pure.js:292:10)
      at Object.<anonymous> (src/components/blocks/__tests__/ProductLayout.test.tsx:50:37)

  console.error
    Error: Uncaught [TypeError: Cannot read properties of undefined (reading 'useEffect')]
        at reportException (D:\js-pagebuilder-main\node_modules\jsdom\lib\jsdom\living\helpers\runtime-script-errors.js:66:24)
        at innerInvokeEventListeners (D:\js-pagebuilder-main\node_modules\jsdom\lib\jsdom\living\events\EventTarget-impl.js:353:9)
        at invokeEventListeners (D:\js-pagebuilder-main\node_modules\jsdom\lib\jsdom\living\events\EventTarget-impl.js:286:3)
        at HTMLUnknownElementImpl._dispatch (D:\js-pagebuilder-main\node_modules\jsdom\lib\jsdom\living\events\EventTarget-impl.js:233:9)
        at HTMLUnknownElementImpl.dispatchEvent (D:\js-pagebuilder-main\node_modules\jsdom\lib\jsdom\living\events\EventTarget-impl.js:104:17)
        at HTMLUnknownElement.dispatchEvent (D:\js-pagebuilder-main\node_modules\jsdom\lib\jsdom\living\generated\EventTarget.js:241:34)
        at Object.invokeGuardedCallbackDev (D:\js-pagebuilder-main\node_modules\react-dom\cjs\react-dom.development.js:4213:16)
        at invokeGuardedCallback (D:\js-pagebuilder-main\node_modules\react-dom\cjs\react-dom.development.js:4277:31)
        at beginWork$1 (D:\js-pagebuilder-main\node_modules\react-dom\cjs\react-dom.development.js:27490:7)
        at performUnitOfWork (D:\js-pagebuilder-main\node_modules\react-dom\cjs\react-dom.development.js:26599:12)
        at workLoopSync (D:\js-pagebuilder-main\node_modules\react-dom\cjs\react-dom.development.js:26505:5)
        at renderRootSync (D:\js-pagebuilder-main\node_modules\react-dom\cjs\react-dom.development.js:26473:7)
        at performConcurrentWorkOnRoot (D:\js-pagebuilder-main\node_modules\react-dom\cjs\react-dom.development.js:25777:74)
        at flushActQueue (D:\js-pagebuilder-main\node_modules\react\cjs\react.development.js:2667:24)
        at act (D:\js-pagebuilder-main\node_modules\react\cjs\react.development.js:2582:11)
        at D:\js-pagebuilder-main\node_modules\@testing-library\react\dist\act-compat.js:47:25
        at renderRoot (D:\js-pagebuilder-main\node_modules\@testing-library\react\dist\pure.js:190:26)
        at render (D:\js-pagebuilder-main\node_modules\@testing-library\react\dist\pure.js:292:10)
        at Object.<anonymous> (D:\js-pagebuilder-main\src\components\blocks\__tests__\ProductLayout.test.tsx:74:37)
        at Promise.finally.completed (D:\js-pagebuilder-main\node_modules\jest-circus\build\jestAdapterInit.js:1556:28)
        at new Promise (<anonymous>)
        at callAsyncCircusFn (D:\js-pagebuilder-main\node_modules\jest-circus\build\jestAdapterInit.js:1496:10)
        at _callCircusTest (D:\js-pagebuilder-main\node_modules\jest-circus\build\jestAdapterInit.js:1006:40)
        at _runTest (D:\js-pagebuilder-main\node_modules\jest-circus\build\jestAdapterInit.js:946:3)
        at _runTestsForDescribeBlock (D:\js-pagebuilder-main\node_modules\jest-circus\build\jestAdapterInit.js:839:13)
        at _runTestsForDescribeBlock (D:\js-pagebuilder-main\node_modules\jest-circus\build\jestAdapterInit.js:829:11)
        at run (D:\js-pagebuilder-main\node_modules\jest-circus\build\jestAdapterInit.js:757:3)
        at runAndTransformResultsToJestFormat (D:\js-pagebuilder-main\node_modules\jest-circus\build\jestAdapterInit.js:1917:21)
        at jestAdapter (D:\js-pagebuilder-main\node_modules\jest-circus\build\runner.js:101:19)
        at runTestInternal (D:\js-pagebuilder-main\node_modules\jest-runner\build\index.js:275:16)
        at runTest (D:\js-pagebuilder-main\node_modules\jest-runner\build\index.js:343:7) {
      detail: TypeError: Cannot read properties of undefined (reading 'useEffect')
          at ProductBlock (D:\js-pagebuilder-main\src\components\blocks\ProductBlock.tsx:70:9)
          at renderWithHooks (D:\js-pagebuilder-main\node_modules\react-dom\cjs\react-dom.development.js:15486:18)
          at mountIndeterminateComponent (D:\js-pagebuilder-main\node_modules\react-dom\cjs\react-dom.development.js:20103:13)
          at beginWork (D:\js-pagebuilder-main\node_modules\react-dom\cjs\react-dom.development.js:21626:16)
          at HTMLUnknownElement.callCallback (D:\js-pagebuilder-main\node_modules\react-dom\cjs\react-dom.development.js:4164:14)
          at HTMLUnknownElement.callTheUserObjectsOperation (D:\js-pagebuilder-main\node_modules\jsdom\lib\jsdom\living\generated\EventListener.js:26:30)
          at innerInvokeEventListeners (D:\js-pagebuilder-main\node_modules\jsdom\lib\jsdom\living\events\EventTarget-impl.js:350:25)
          at invokeEventListeners (D:\js-pagebuilder-main\node_modules\jsdom\lib\jsdom\living\events\EventTarget-impl.js:286:3)
          at HTMLUnknownElementImpl._dispatch (D:\js-pagebuilder-main\node_modules\jsdom\lib\jsdom\living\events\EventTarget-impl.js:233:9)
          at HTMLUnknownElementImpl.dispatchEvent (D:\js-pagebuilder-main\node_modules\jsdom\lib\jsdom\living\events\EventTarget-impl.js:104:17)
          at HTMLUnknownElement.dispatchEvent (D:\js-pagebuilder-main\node_modules\jsdom\lib\jsdom\living\generated\EventTarget.js:241:34)
          at Object.invokeGuardedCallbackDev (D:\js-pagebuilder-main\node_modules\react-dom\cjs\react-dom.development.js:4213:16)
          at invokeGuardedCallback (D:\js-pagebuilder-main\node_modules\react-dom\cjs\react-dom.development.js:4277:31)
          at beginWork$1 (D:\js-pagebuilder-main\node_modules\react-dom\cjs\react-dom.development.js:27490:7)
          at performUnitOfWork (D:\js-pagebuilder-main\node_modules\react-dom\cjs\react-dom.development.js:26599:12)
          at workLoopSync (D:\js-pagebuilder-main\node_modules\react-dom\cjs\react-dom.development.js:26505:5)
          at renderRootSync (D:\js-pagebuilder-main\node_modules\react-dom\cjs\react-dom.development.js:26473:7)
          at performConcurrentWorkOnRoot (D:\js-pagebuilder-main\node_modules\react-dom\cjs\react-dom.development.js:25777:74)
          at flushActQueue (D:\js-pagebuilder-main\node_modules\react\cjs\react.development.js:2667:24)
          at act (D:\js-pagebuilder-main\node_modules\react\cjs\react.development.js:2582:11)
          at D:\js-pagebuilder-main\node_modules\@testing-library\react\dist\act-compat.js:47:25
          at renderRoot (D:\js-pagebuilder-main\node_modules\@testing-library\react\dist\pure.js:190:26)
          at render (D:\js-pagebuilder-main\node_modules\@testing-library\react\dist\pure.js:292:10)
          at Object.<anonymous> (D:\js-pagebuilder-main\src\components\blocks\__tests__\ProductLayout.test.tsx:74:37)
          at Promise.finally.completed (D:\js-pagebuilder-main\node_modules\jest-circus\build\jestAdapterInit.js:1556:28)
          at new Promise (<anonymous>)
          at callAsyncCircusFn (D:\js-pagebuilder-main\node_modules\jest-circus\build\jestAdapterInit.js:1496:10)
          at _callCircusTest (D:\js-pagebuilder-main\node_modules\jest-circus\build\jestAdapterInit.js:1006:40)
          at _runTest (D:\js-pagebuilder-main\node_modules\jest-circus\build\jestAdapterInit.js:946:3)
          at _runTestsForDescribeBlock (D:\js-pagebuilder-main\node_modules\jest-circus\build\jestAdapterInit.js:839:13)
          at _runTestsForDescribeBlock (D:\js-pagebuilder-main\node_modules\jest-circus\build\jestAdapterInit.js:829:11)
          at run (D:\js-pagebuilder-main\node_modules\jest-circus\build\jestAdapterInit.js:757:3)
          at runAndTransformResultsToJestFormat (D:\js-pagebuilder-main\node_modules\jest-circus\build\jestAdapterInit.js:1917:21)
          at jestAdapter (D:\js-pagebuilder-main\node_modules\jest-circus\build\runner.js:101:19)
          at runTestInternal (D:\js-pagebuilder-main\node_modules\jest-runner\build\index.js:275:16)
          at runTest (D:\js-pagebuilder-main\node_modules\jest-runner\build\index.js:343:7),
      type: 'unhandled exception'
    }

    [0m [90m 72 |[39m
     [90m 73 |[39m     it([32m'applies button width class correctly'[39m[33m,[39m [36masync[39m () [33m=>[39m {
    [31m[1m>[22m[39m[90m 74 |[39m         [36mconst[39m { container } [33m=[39m render([33m<[39m[33mProductBlock[39m {[33m...[39mdefaultProps} [33m/[39m[33m>[39m)[33m;[39m
     [90m    |[39m                                     [31m[1m^[22m[39m
     [90m 75 |[39m         [36mawait[39m waitFor(() [33m=>[39m screen[33m.[39mgetAllByText([32m'Product Item'[39m))[33m;[39m
     [90m 76 |[39m
     [90m 77 |[39m         [90m// Find the first button[39m[0m

      at VirtualConsole.<anonymous> (node_modules/@jest/environment-jsdom-abstract/build/index.js:78:23)
      at reportException (node_modules/jsdom/lib/jsdom/living/helpers/runtime-script-errors.js:70:28)
      at innerInvokeEventListeners (node_modules/jsdom/lib/jsdom/living/events/EventTarget-impl.js:353:9)
      at invokeEventListeners (node_modules/jsdom/lib/jsdom/living/events/EventTarget-impl.js:286:3)
      at HTMLUnknownElementImpl._dispatch (node_modules/jsdom/lib/jsdom/living/events/EventTarget-impl.js:233:9)
      at HTMLUnknownElementImpl.dispatchEvent (node_modules/jsdom/lib/jsdom/living/events/EventTarget-impl.js:104:17)
      at HTMLUnknownElement.dispatchEvent (node_modules/jsdom/lib/jsdom/living/generated/EventTarget.js:241:34)
      at Object.invokeGuardedCallbackDev (node_modules/react-dom/cjs/react-dom.development.js:4213:16)
      at invokeGuardedCallback (node_modules/react-dom/cjs/react-dom.development.js:4277:31)
      at beginWork$1 (node_modules/react-dom/cjs/react-dom.development.js:27490:7)
      at performUnitOfWork (node_modules/react-dom/cjs/react-dom.development.js:26599:12)
      at workLoopSync (node_modules/react-dom/cjs/react-dom.development.js:26505:5)
      at renderRootSync (node_modules/react-dom/cjs/react-dom.development.js:26473:7)
      at performConcurrentWorkOnRoot (node_modules/react-dom/cjs/react-dom.development.js:25777:74)
      at flushActQueue (node_modules/react/cjs/react.development.js:2667:24)
      at act (node_modules/react/cjs/react.development.js:2582:11)
      at node_modules/@testing-library/react/dist/act-compat.js:47:25
      at renderRoot (node_modules/@testing-library/react/dist/pure.js:190:26)
      at render (node_modules/@testing-library/react/dist/pure.js:292:10)
      at Object.<anonymous> (src/components/blocks/__tests__/ProductLayout.test.tsx:74:37)

  console.error
    Error: Uncaught [TypeError: Cannot read properties of undefined (reading 'useEffect')]
        at reportException (D:\js-pagebuilder-main\node_modules\jsdom\lib\jsdom\living\helpers\runtime-script-errors.js:66:24)
        at innerInvokeEventListeners (D:\js-pagebuilder-main\node_modules\jsdom\lib\jsdom\living\events\EventTarget-impl.js:353:9)
        at invokeEventListeners (D:\js-pagebuilder-main\node_modules\jsdom\lib\jsdom\living\events\EventTarget-impl.js:286:3)
        at HTMLUnknownElementImpl._dispatch (D:\js-pagebuilder-main\node_modules\jsdom\lib\jsdom\living\events\EventTarget-impl.js:233:9)
        at HTMLUnknownElementImpl.dispatchEvent (D:\js-pagebuilder-main\node_modules\jsdom\lib\jsdom\living\events\EventTarget-impl.js:104:17)
        at HTMLUnknownElement.dispatchEvent (D:\js-pagebuilder-main\node_modules\jsdom\lib\jsdom\living\generated\EventTarget.js:241:34)
        at Object.invokeGuardedCallbackDev (D:\js-pagebuilder-main\node_modules\react-dom\cjs\react-dom.development.js:4213:16)
        at invokeGuardedCallback (D:\js-pagebuilder-main\node_modules\react-dom\cjs\react-dom.development.js:4277:31)
        at beginWork$1 (D:\js-pagebuilder-main\node_modules\react-dom\cjs\react-dom.development.js:27490:7)
        at performUnitOfWork (D:\js-pagebuilder-main\node_modules\react-dom\cjs\react-dom.development.js:26599:12)
        at workLoopSync (D:\js-pagebuilder-main\node_modules\react-dom\cjs\react-dom.development.js:26505:5)
        at renderRootSync (D:\js-pagebuilder-main\node_modules\react-dom\cjs\react-dom.development.js:26473:7)
        at recoverFromConcurrentError (D:\js-pagebuilder-main\node_modules\react-dom\cjs\react-dom.development.js:25889:20)
        at performConcurrentWorkOnRoot (D:\js-pagebuilder-main\node_modules\react-dom\cjs\react-dom.development.js:25789:22)
        at flushActQueue (D:\js-pagebuilder-main\node_modules\react\cjs\react.development.js:2667:24)
        at act (D:\js-pagebuilder-main\node_modules\react\cjs\react.development.js:2582:11)
        at D:\js-pagebuilder-main\node_modules\@testing-library\react\dist\act-compat.js:47:25
        at renderRoot (D:\js-pagebuilder-main\node_modules\@testing-library\react\dist\pure.js:190:26)
        at render (D:\js-pagebuilder-main\node_modules\@testing-library\react\dist\pure.js:292:10)
        at Object.<anonymous> (D:\js-pagebuilder-main\src\components\blocks\__tests__\ProductLayout.test.tsx:74:37)
        at Promise.finally.completed (D:\js-pagebuilder-main\node_modules\jest-circus\build\jestAdapterInit.js:1556:28)
        at new Promise (<anonymous>)
        at callAsyncCircusFn (D:\js-pagebuilder-main\node_modules\jest-circus\build\jestAdapterInit.js:1496:10)
        at _callCircusTest (D:\js-pagebuilder-main\node_modules\jest-circus\build\jestAdapterInit.js:1006:40)
        at _runTest (D:\js-pagebuilder-main\node_modules\jest-circus\build\jestAdapterInit.js:946:3)
        at _runTestsForDescribeBlock (D:\js-pagebuilder-main\node_modules\jest-circus\build\jestAdapterInit.js:839:13)
        at _runTestsForDescribeBlock (D:\js-pagebuilder-main\node_modules\jest-circus\build\jestAdapterInit.js:829:11)
        at run (D:\js-pagebuilder-main\node_modules\jest-circus\build\jestAdapterInit.js:757:3)
        at runAndTransformResultsToJestFormat (D:\js-pagebuilder-main\node_modules\jest-circus\build\jestAdapterInit.js:1917:21)
        at jestAdapter (D:\js-pagebuilder-main\node_modules\jest-circus\build\runner.js:101:19)
        at runTestInternal (D:\js-pagebuilder-main\node_modules\jest-runner\build\index.js:275:16)
        at runTest (D:\js-pagebuilder-main\node_modules\jest-runner\build\index.js:343:7) {
      detail: TypeError: Cannot read properties of undefined (reading 'useEffect')
          at ProductBlock (D:\js-pagebuilder-main\src\components\blocks\ProductBlock.tsx:70:9)
          at renderWithHooks (D:\js-pagebuilder-main\node_modules\react-dom\cjs\react-dom.development.js:15486:18)
          at mountIndeterminateComponent (D:\js-pagebuilder-main\node_modules\react-dom\cjs\react-dom.development.js:20103:13)
          at beginWork (D:\js-pagebuilder-main\node_modules\react-dom\cjs\react-dom.development.js:21626:16)
          at HTMLUnknownElement.callCallback (D:\js-pagebuilder-main\node_modules\react-dom\cjs\react-dom.development.js:4164:14)
          at HTMLUnknownElement.callTheUserObjectsOperation (D:\js-pagebuilder-main\node_modules\jsdom\lib\jsdom\living\generated\EventListener.js:26:30)
          at innerInvokeEventListeners (D:\js-pagebuilder-main\node_modules\jsdom\lib\jsdom\living\events\EventTarget-impl.js:350:25)
          at invokeEventListeners (D:\js-pagebuilder-main\node_modules\jsdom\lib\jsdom\living\events\EventTarget-impl.js:286:3)
          at HTMLUnknownElementImpl._dispatch (D:\js-pagebuilder-main\node_modules\jsdom\lib\jsdom\living\events\EventTarget-impl.js:233:9)
          at HTMLUnknownElementImpl.dispatchEvent (D:\js-pagebuilder-main\node_modules\jsdom\lib\jsdom\living\events\EventTarget-impl.js:104:17)
          at HTMLUnknownElement.dispatchEvent (D:\js-pagebuilder-main\node_modules\jsdom\lib\jsdom\living\generated\EventTarget.js:241:34)
          at Object.invokeGuardedCallbackDev (D:\js-pagebuilder-main\node_modules\react-dom\cjs\react-dom.development.js:4213:16)
          at invokeGuardedCallback (D:\js-pagebuilder-main\node_modules\react-dom\cjs\react-dom.development.js:4277:31)
          at beginWork$1 (D:\js-pagebuilder-main\node_modules\react-dom\cjs\react-dom.development.js:27490:7)
          at performUnitOfWork (D:\js-pagebuilder-main\node_modules\react-dom\cjs\react-dom.development.js:26599:12)
          at workLoopSync (D:\js-pagebuilder-main\node_modules\react-dom\cjs\react-dom.development.js:26505:5)
          at renderRootSync (D:\js-pagebuilder-main\node_modules\react-dom\cjs\react-dom.development.js:26473:7)
          at recoverFromConcurrentError (D:\js-pagebuilder-main\node_modules\react-dom\cjs\react-dom.development.js:25889:20)
          at performConcurrentWorkOnRoot (D:\js-pagebuilder-main\node_modules\react-dom\cjs\react-dom.development.js:25789:22)
          at flushActQueue (D:\js-pagebuilder-main\node_modules\react\cjs\react.development.js:2667:24)
          at act (D:\js-pagebuilder-main\node_modules\react\cjs\react.development.js:2582:11)
          at D:\js-pagebuilder-main\node_modules\@testing-library\react\dist\act-compat.js:47:25
          at renderRoot (D:\js-pagebuilder-main\node_modules\@testing-library\react\dist\pure.js:190:26)
          at render (D:\js-pagebuilder-main\node_modules\@testing-library\react\dist\pure.js:292:10)
          at Object.<anonymous> (D:\js-pagebuilder-main\src\components\blocks\__tests__\ProductLayout.test.tsx:74:37)
          at Promise.finally.completed (D:\js-pagebuilder-main\node_modules\jest-circus\build\jestAdapterInit.js:1556:28)
          at new Promise (<anonymous>)
          at callAsyncCircusFn (D:\js-pagebuilder-main\node_modules\jest-circus\build\jestAdapterInit.js:1496:10)
          at _callCircusTest (D:\js-pagebuilder-main\node_modules\jest-circus\build\jestAdapterInit.js:1006:40)
          at _runTest (D:\js-pagebuilder-main\node_modules\jest-circus\build\jestAdapterInit.js:946:3)
          at _runTestsForDescribeBlock (D:\js-pagebuilder-main\node_modules\jest-circus\build\jestAdapterInit.js:839:13)
          at _runTestsForDescribeBlock (D:\js-pagebuilder-main\node_modules\jest-circus\build\jestAdapterInit.js:829:11)
          at run (D:\js-pagebuilder-main\node_modules\jest-circus\build\jestAdapterInit.js:757:3)
          at runAndTransformResultsToJestFormat (D:\js-pagebuilder-main\node_modules\jest-circus\build\jestAdapterInit.js:1917:21)
          at jestAdapter (D:\js-pagebuilder-main\node_modules\jest-circus\build\runner.js:101:19)
          at runTestInternal (D:\js-pagebuilder-main\node_modules\jest-runner\build\index.js:275:16)
          at runTest (D:\js-pagebuilder-main\node_modules\jest-runner\build\index.js:343:7),
      type: 'unhandled exception'
    }

    [0m [90m 72 |[39m
     [90m 73 |[39m     it([32m'applies button width class correctly'[39m[33m,[39m [36masync[39m () [33m=>[39m {
    [31m[1m>[22m[39m[90m 74 |[39m         [36mconst[39m { container } [33m=[39m render([33m<[39m[33mProductBlock[39m {[33m...[39mdefaultProps} [33m/[39m[33m>[39m)[33m;[39m
     [90m    |[39m                                     [31m[1m^[22m[39m
     [90m 75 |[39m         [36mawait[39m waitFor(() [33m=>[39m screen[33m.[39mgetAllByText([32m'Product Item'[39m))[33m;[39m
     [90m 76 |[39m
     [90m 77 |[39m         [90m// Find the first button[39m[0m

      at VirtualConsole.<anonymous> (node_modules/@jest/environment-jsdom-abstract/build/index.js:78:23)
      at reportException (node_modules/jsdom/lib/jsdom/living/helpers/runtime-script-errors.js:70:28)
      at innerInvokeEventListeners (node_modules/jsdom/lib/jsdom/living/events/EventTarget-impl.js:353:9)
      at invokeEventListeners (node_modules/jsdom/lib/jsdom/living/events/EventTarget-impl.js:286:3)
      at HTMLUnknownElementImpl._dispatch (node_modules/jsdom/lib/jsdom/living/events/EventTarget-impl.js:233:9)
      at HTMLUnknownElementImpl.dispatchEvent (node_modules/jsdom/lib/jsdom/living/events/EventTarget-impl.js:104:17)
      at HTMLUnknownElement.dispatchEvent (node_modules/jsdom/lib/jsdom/living/generated/EventTarget.js:241:34)
      at Object.invokeGuardedCallbackDev (node_modules/react-dom/cjs/react-dom.development.js:4213:16)
      at invokeGuardedCallback (node_modules/react-dom/cjs/react-dom.development.js:4277:31)
      at beginWork$1 (node_modules/react-dom/cjs/react-dom.development.js:27490:7)
      at performUnitOfWork (node_modules/react-dom/cjs/react-dom.development.js:26599:12)
      at workLoopSync (node_modules/react-dom/cjs/react-dom.development.js:26505:5)
      at renderRootSync (node_modules/react-dom/cjs/react-dom.development.js:26473:7)
      at recoverFromConcurrentError (node_modules/react-dom/cjs/react-dom.development.js:25889:20)
      at performConcurrentWorkOnRoot (node_modules/react-dom/cjs/react-dom.development.js:25789:22)
      at flushActQueue (node_modules/react/cjs/react.development.js:2667:24)
      at act (node_modules/react/cjs/react.development.js:2582:11)
      at node_modules/@testing-library/react/dist/act-compat.js:47:25
      at renderRoot (node_modules/@testing-library/react/dist/pure.js:190:26)
      at render (node_modules/@testing-library/react/dist/pure.js:292:10)
      at Object.<anonymous> (src/components/blocks/__tests__/ProductLayout.test.tsx:74:37)

  console.error
    The above error occurred in the <ProductBlock> component:
    
        at ProductBlock (D:\js-pagebuilder-main\src\components\blocks\ProductBlock.tsx:12:9)
    
    Consider adding an error boundary to your tree to customize error handling behavior.
    Visit https://reactjs.org/link/error-boundaries to learn more about error boundaries.

    [0m [90m 72 |[39m
     [90m 73 |[39m     it([32m'applies button width class correctly'[39m[33m,[39m [36masync[39m () [33m=>[39m {
    [31m[1m>[22m[39m[90m 74 |[39m         [36mconst[39m { container } [33m=[39m render([33m<[39m[33mProductBlock[39m {[33m...[39mdefaultProps} [33m/[39m[33m>[39m)[33m;[39m
     [90m    |[39m                                     [31m[1m^[22m[39m
     [90m 75 |[39m         [36mawait[39m waitFor(() [33m=>[39m screen[33m.[39mgetAllByText([32m'Product Item'[39m))[33m;[39m
     [90m 76 |[39m
     [90m 77 |[39m         [90m// Find the first button[39m[0m

      at logCapturedError (node_modules/react-dom/cjs/react-dom.development.js:18704:23)
      at update.callback (node_modules/react-dom/cjs/react-dom.development.js:18737:5)
      at callCallback (node_modules/react-dom/cjs/react-dom.development.js:15036:12)
      at commitUpdateQueue (node_modules/react-dom/cjs/react-dom.development.js:15057:9)
      at commitLayoutEffectOnFiber (node_modules/react-dom/cjs/react-dom.development.js:23430:13)
      at commitLayoutMountEffects_complete (node_modules/react-dom/cjs/react-dom.development.js:24727:9)
      at commitLayoutEffects_begin (node_modules/react-dom/cjs/react-dom.development.js:24713:7)
      at commitLayoutEffects (node_modules/react-dom/cjs/react-dom.development.js:24651:3)
      at commitRootImpl (node_modules/react-dom/cjs/react-dom.development.js:26862:5)
      at commitRoot (node_modules/react-dom/cjs/react-dom.development.js:26721:5)
      at finishConcurrentRender (node_modules/react-dom/cjs/react-dom.development.js:25931:9)
      at performConcurrentWorkOnRoot (node_modules/react-dom/cjs/react-dom.development.js:25848:7)
      at flushActQueue (node_modules/react/cjs/react.development.js:2667:24)
      at act (node_modules/react/cjs/react.development.js:2582:11)
      at node_modules/@testing-library/react/dist/act-compat.js:47:25
      at renderRoot (node_modules/@testing-library/react/dist/pure.js:190:26)
      at render (node_modules/@testing-library/react/dist/pure.js:292:10)
      at Object.<anonymous> (src/components/blocks/__tests__/ProductLayout.test.tsx:74:37)

  console.error
    Error: Uncaught [TypeError: Cannot read properties of undefined (reading 'useEffect')]
        at reportException (D:\js-pagebuilder-main\node_modules\jsdom\lib\jsdom\living\helpers\runtime-script-errors.js:66:24)
        at innerInvokeEventListeners (D:\js-pagebuilder-main\node_modules\jsdom\lib\jsdom\living\events\EventTarget-impl.js:353:9)
        at invokeEventListeners (D:\js-pagebuilder-main\node_modules\jsdom\lib\jsdom\living\events\EventTarget-impl.js:286:3)
        at HTMLUnknownElementImpl._dispatch (D:\js-pagebuilder-main\node_modules\jsdom\lib\jsdom\living\events\EventTarget-impl.js:233:9)
        at HTMLUnknownElementImpl.dispatchEvent (D:\js-pagebuilder-main\node_modules\jsdom\lib\jsdom\living\events\EventTarget-impl.js:104:17)
        at HTMLUnknownElement.dispatchEvent (D:\js-pagebuilder-main\node_modules\jsdom\lib\jsdom\living\generated\EventTarget.js:241:34)
        at Object.invokeGuardedCallbackDev (D:\js-pagebuilder-main\node_modules\react-dom\cjs\react-dom.development.js:4213:16)
        at invokeGuardedCallback (D:\js-pagebuilder-main\node_modules\react-dom\cjs\react-dom.development.js:4277:31)
        at beginWork$1 (D:\js-pagebuilder-main\node_modules\react-dom\cjs\react-dom.development.js:27490:7)
        at performUnitOfWork (D:\js-pagebuilder-main\node_modules\react-dom\cjs\react-dom.development.js:26599:12)
        at workLoopSync (D:\js-pagebuilder-main\node_modules\react-dom\cjs\react-dom.development.js:26505:5)
        at renderRootSync (D:\js-pagebuilder-main\node_modules\react-dom\cjs\react-dom.development.js:26473:7)
        at performConcurrentWorkOnRoot (D:\js-pagebuilder-main\node_modules\react-dom\cjs\react-dom.development.js:25777:74)
        at flushActQueue (D:\js-pagebuilder-main\node_modules\react\cjs\react.development.js:2667:24)
        at act (D:\js-pagebuilder-main\node_modules\react\cjs\react.development.js:2582:11)
        at D:\js-pagebuilder-main\node_modules\@testing-library\react\dist\act-compat.js:47:25
        at renderRoot (D:\js-pagebuilder-main\node_modules\@testing-library\react\dist\pure.js:190:26)
        at render (D:\js-pagebuilder-main\node_modules\@testing-library\react\dist\pure.js:292:10)
        at Object.<anonymous> (D:\js-pagebuilder-main\src\components\blocks\__tests__\ProductLayout.test.tsx:89:37)
        at Promise.finally.completed (D:\js-pagebuilder-main\node_modules\jest-circus\build\jestAdapterInit.js:1556:28)
        at new Promise (<anonymous>)
        at callAsyncCircusFn (D:\js-pagebuilder-main\node_modules\jest-circus\build\jestAdapterInit.js:1496:10)
        at _callCircusTest (D:\js-pagebuilder-main\node_modules\jest-circus\build\jestAdapterInit.js:1006:40)
        at _runTest (D:\js-pagebuilder-main\node_modules\jest-circus\build\jestAdapterInit.js:946:3)
        at _runTestsForDescribeBlock (D:\js-pagebuilder-main\node_modules\jest-circus\build\jestAdapterInit.js:839:13)
        at _runTestsForDescribeBlock (D:\js-pagebuilder-main\node_modules\jest-circus\build\jestAdapterInit.js:829:11)
        at run (D:\js-pagebuilder-main\node_modules\jest-circus\build\jestAdapterInit.js:757:3)
        at runAndTransformResultsToJestFormat (D:\js-pagebuilder-main\node_modules\jest-circus\build\jestAdapterInit.js:1917:21)
        at jestAdapter (D:\js-pagebuilder-main\node_modules\jest-circus\build\runner.js:101:19)
        at runTestInternal (D:\js-pagebuilder-main\node_modules\jest-runner\build\index.js:275:16)
        at runTest (D:\js-pagebuilder-main\node_modules\jest-runner\build\index.js:343:7) {
      detail: TypeError: Cannot read properties of undefined (reading 'useEffect')
          at ProductBlock (D:\js-pagebuilder-main\src\components\blocks\ProductBlock.tsx:70:9)
          at renderWithHooks (D:\js-pagebuilder-main\node_modules\react-dom\cjs\react-dom.development.js:15486:18)
          at mountIndeterminateComponent (D:\js-pagebuilder-main\node_modules\react-dom\cjs\react-dom.development.js:20103:13)
          at beginWork (D:\js-pagebuilder-main\node_modules\react-dom\cjs\react-dom.development.js:21626:16)
          at HTMLUnknownElement.callCallback (D:\js-pagebuilder-main\node_modules\react-dom\cjs\react-dom.development.js:4164:14)
          at HTMLUnknownElement.callTheUserObjectsOperation (D:\js-pagebuilder-main\node_modules\jsdom\lib\jsdom\living\generated\EventListener.js:26:30)
          at innerInvokeEventListeners (D:\js-pagebuilder-main\node_modules\jsdom\lib\jsdom\living\events\EventTarget-impl.js:350:25)
          at invokeEventListeners (D:\js-pagebuilder-main\node_modules\jsdom\lib\jsdom\living\events\EventTarget-impl.js:286:3)
          at HTMLUnknownElementImpl._dispatch (D:\js-pagebuilder-main\node_modules\jsdom\lib\jsdom\living\events\EventTarget-impl.js:233:9)
          at HTMLUnknownElementImpl.dispatchEvent (D:\js-pagebuilder-main\node_modules\jsdom\lib\jsdom\living\events\EventTarget-impl.js:104:17)
          at HTMLUnknownElement.dispatchEvent (D:\js-pagebuilder-main\node_modules\jsdom\lib\jsdom\living\generated\EventTarget.js:241:34)
          at Object.invokeGuardedCallbackDev (D:\js-pagebuilder-main\node_modules\react-dom\cjs\react-dom.development.js:4213:16)
          at invokeGuardedCallback (D:\js-pagebuilder-main\node_modules\react-dom\cjs\react-dom.development.js:4277:31)
          at beginWork$1 (D:\js-pagebuilder-main\node_modules\react-dom\cjs\react-dom.development.js:27490:7)
          at performUnitOfWork (D:\js-pagebuilder-main\node_modules\react-dom\cjs\react-dom.development.js:26599:12)
          at workLoopSync (D:\js-pagebuilder-main\node_modules\react-dom\cjs\react-dom.development.js:26505:5)
          at renderRootSync (D:\js-pagebuilder-main\node_modules\react-dom\cjs\react-dom.development.js:26473:7)
          at performConcurrentWorkOnRoot (D:\js-pagebuilder-main\node_modules\react-dom\cjs\react-dom.development.js:25777:74)
          at flushActQueue (D:\js-pagebuilder-main\node_modules\react\cjs\react.development.js:2667:24)
          at act (D:\js-pagebuilder-main\node_modules\react\cjs\react.development.js:2582:11)
          at D:\js-pagebuilder-main\node_modules\@testing-library\react\dist\act-compat.js:47:25
          at renderRoot (D:\js-pagebuilder-main\node_modules\@testing-library\react\dist\pure.js:190:26)
          at render (D:\js-pagebuilder-main\node_modules\@testing-library\react\dist\pure.js:292:10)
          at Object.<anonymous> (D:\js-pagebuilder-main\src\components\blocks\__tests__\ProductLayout.test.tsx:89:37)
          at Promise.finally.completed (D:\js-pagebuilder-main\node_modules\jest-circus\build\jestAdapterInit.js:1556:28)
          at new Promise (<anonymous>)
          at callAsyncCircusFn (D:\js-pagebuilder-main\node_modules\jest-circus\build\jestAdapterInit.js:1496:10)
          at _callCircusTest (D:\js-pagebuilder-main\node_modules\jest-circus\build\jestAdapterInit.js:1006:40)
          at _runTest (D:\js-pagebuilder-main\node_modules\jest-circus\build\jestAdapterInit.js:946:3)
          at _runTestsForDescribeBlock (D:\js-pagebuilder-main\node_modules\jest-circus\build\jestAdapterInit.js:839:13)
          at _runTestsForDescribeBlock (D:\js-pagebuilder-main\node_modules\jest-circus\build\jestAdapterInit.js:829:11)
          at run (D:\js-pagebuilder-main\node_modules\jest-circus\build\jestAdapterInit.js:757:3)
          at runAndTransformResultsToJestFormat (D:\js-pagebuilder-main\node_modules\jest-circus\build\jestAdapterInit.js:1917:21)
          at jestAdapter (D:\js-pagebuilder-main\node_modules\jest-circus\build\runner.js:101:19)
          at runTestInternal (D:\js-pagebuilder-main\node_modules\jest-runner\build\index.js:275:16)
          at runTest (D:\js-pagebuilder-main\node_modules\jest-runner\build\index.js:343:7),
      type: 'unhandled exception'
    }

    [0m [90m 87 |[39m             props[33m:[39m { [33m...[39mmockBlock[33m.[39mprops[33m,[39m buttonWidth[33m:[39m [32m'full'[39m }
     [90m 88 |[39m         }[33m;[39m
    [31m[1m>[22m[39m[90m 89 |[39m         [36mconst[39m { container } [33m=[39m render([33m<[39m[33mProductBlock[39m {[33m...[39mdefaultProps} block[33m=[39m{fullWidthBlock [36mas[39m any} [33m/[39m[33m>[39m)[33m;[39m
     [90m    |[39m                                     [31m[1m^[22m[39m
     [90m 90 |[39m         [36mawait[39m waitFor(() [33m=>[39m screen[33m.[39mgetAllByText([32m'Product Item'[39m))[33m;[39m
     [90m 91 |[39m
     [90m 92 |[39m         [36mconst[39m buttons [33m=[39m container[33m.[39mquerySelectorAll([32m'a'[39m)[33m;[39m[0m

      at VirtualConsole.<anonymous> (node_modules/@jest/environment-jsdom-abstract/build/index.js:78:23)
      at reportException (node_modules/jsdom/lib/jsdom/living/helpers/runtime-script-errors.js:70:28)
      at innerInvokeEventListeners (node_modules/jsdom/lib/jsdom/living/events/EventTarget-impl.js:353:9)
      at invokeEventListeners (node_modules/jsdom/lib/jsdom/living/events/EventTarget-impl.js:286:3)
      at HTMLUnknownElementImpl._dispatch (node_modules/jsdom/lib/jsdom/living/events/EventTarget-impl.js:233:9)
      at HTMLUnknownElementImpl.dispatchEvent (node_modules/jsdom/lib/jsdom/living/events/EventTarget-impl.js:104:17)
      at HTMLUnknownElement.dispatchEvent (node_modules/jsdom/lib/jsdom/living/generated/EventTarget.js:241:34)
      at Object.invokeGuardedCallbackDev (node_modules/react-dom/cjs/react-dom.development.js:4213:16)
      at invokeGuardedCallback (node_modules/react-dom/cjs/react-dom.development.js:4277:31)
      at beginWork$1 (node_modules/react-dom/cjs/react-dom.development.js:27490:7)
      at performUnitOfWork (node_modules/react-dom/cjs/react-dom.development.js:26599:12)
      at workLoopSync (node_modules/react-dom/cjs/react-dom.development.js:26505:5)
      at renderRootSync (node_modules/react-dom/cjs/react-dom.development.js:26473:7)
      at performConcurrentWorkOnRoot (node_modules/react-dom/cjs/react-dom.development.js:25777:74)
      at flushActQueue (node_modules/react/cjs/react.development.js:2667:24)
      at act (node_modules/react/cjs/react.development.js:2582:11)
      at node_modules/@testing-library/react/dist/act-compat.js:47:25
      at renderRoot (node_modules/@testing-library/react/dist/pure.js:190:26)
      at render (node_modules/@testing-library/react/dist/pure.js:292:10)
      at Object.<anonymous> (src/components/blocks/__tests__/ProductLayout.test.tsx:89:37)

  console.error
    Error: Uncaught [TypeError: Cannot read properties of undefined (reading 'useEffect')]
        at reportException (D:\js-pagebuilder-main\node_modules\jsdom\lib\jsdom\living\helpers\runtime-script-errors.js:66:24)
        at innerInvokeEventListeners (D:\js-pagebuilder-main\node_modules\jsdom\lib\jsdom\living\events\EventTarget-impl.js:353:9)
        at invokeEventListeners (D:\js-pagebuilder-main\node_modules\jsdom\lib\jsdom\living\events\EventTarget-impl.js:286:3)
        at HTMLUnknownElementImpl._dispatch (D:\js-pagebuilder-main\node_modules\jsdom\lib\jsdom\living\events\EventTarget-impl.js:233:9)
        at HTMLUnknownElementImpl.dispatchEvent (D:\js-pagebuilder-main\node_modules\jsdom\lib\jsdom\living\events\EventTarget-impl.js:104:17)
        at HTMLUnknownElement.dispatchEvent (D:\js-pagebuilder-main\node_modules\jsdom\lib\jsdom\living\generated\EventTarget.js:241:34)
        at Object.invokeGuardedCallbackDev (D:\js-pagebuilder-main\node_modules\react-dom\cjs\react-dom.development.js:4213:16)
        at invokeGuardedCallback (D:\js-pagebuilder-main\node_modules\react-dom\cjs\react-dom.development.js:4277:31)
        at beginWork$1 (D:\js-pagebuilder-main\node_modules\react-dom\cjs\react-dom.development.js:27490:7)
        at performUnitOfWork (D:\js-pagebuilder-main\node_modules\react-dom\cjs\react-dom.development.js:26599:12)
        at workLoopSync (D:\js-pagebuilder-main\node_modules\react-dom\cjs\react-dom.development.js:26505:5)
        at renderRootSync (D:\js-pagebuilder-main\node_modules\react-dom\cjs\react-dom.development.js:26473:7)
        at recoverFromConcurrentError (D:\js-pagebuilder-main\node_modules\react-dom\cjs\react-dom.development.js:25889:20)
        at performConcurrentWorkOnRoot (D:\js-pagebuilder-main\node_modules\react-dom\cjs\react-dom.development.js:25789:22)
        at flushActQueue (D:\js-pagebuilder-main\node_modules\react\cjs\react.development.js:2667:24)
        at act (D:\js-pagebuilder-main\node_modules\react\cjs\react.development.js:2582:11)
        at D:\js-pagebuilder-main\node_modules\@testing-library\react\dist\act-compat.js:47:25
        at renderRoot (D:\js-pagebuilder-main\node_modules\@testing-library\react\dist\pure.js:190:26)
        at render (D:\js-pagebuilder-main\node_modules\@testing-library\react\dist\pure.js:292:10)
        at Object.<anonymous> (D:\js-pagebuilder-main\src\components\blocks\__tests__\ProductLayout.test.tsx:89:37)
        at Promise.finally.completed (D:\js-pagebuilder-main\node_modules\jest-circus\build\jestAdapterInit.js:1556:28)
        at new Promise (<anonymous>)
        at callAsyncCircusFn (D:\js-pagebuilder-main\node_modules\jest-circus\build\jestAdapterInit.js:1496:10)
        at _callCircusTest (D:\js-pagebuilder-main\node_modules\jest-circus\build\jestAdapterInit.js:1006:40)
        at _runTest (D:\js-pagebuilder-main\node_modules\jest-circus\build\jestAdapterInit.js:946:3)
        at _runTestsForDescribeBlock (D:\js-pagebuilder-main\node_modules\jest-circus\build\jestAdapterInit.js:839:13)
        at _runTestsForDescribeBlock (D:\js-pagebuilder-main\node_modules\jest-circus\build\jestAdapterInit.js:829:11)
        at run (D:\js-pagebuilder-main\node_modules\jest-circus\build\jestAdapterInit.js:757:3)
        at runAndTransformResultsToJestFormat (D:\js-pagebuilder-main\node_modules\jest-circus\build\jestAdapterInit.js:1917:21)
        at jestAdapter (D:\js-pagebuilder-main\node_modules\jest-circus\build\runner.js:101:19)
        at runTestInternal (D:\js-pagebuilder-main\node_modules\jest-runner\build\index.js:275:16)
        at runTest (D:\js-pagebuilder-main\node_modules\jest-runner\build\index.js:343:7) {
      detail: TypeError: Cannot read properties of undefined (reading 'useEffect')
          at ProductBlock (D:\js-pagebuilder-main\src\components\blocks\ProductBlock.tsx:70:9)
          at renderWithHooks (D:\js-pagebuilder-main\node_modules\react-dom\cjs\react-dom.development.js:15486:18)
          at mountIndeterminateComponent (D:\js-pagebuilder-main\node_modules\react-dom\cjs\react-dom.development.js:20103:13)
          at beginWork (D:\js-pagebuilder-main\node_modules\react-dom\cjs\react-dom.development.js:21626:16)
          at HTMLUnknownElement.callCallback (D:\js-pagebuilder-main\node_modules\react-dom\cjs\react-dom.development.js:4164:14)
          at HTMLUnknownElement.callTheUserObjectsOperation (D:\js-pagebuilder-main\node_modules\jsdom\lib\jsdom\living\generated\EventListener.js:26:30)
          at innerInvokeEventListeners (D:\js-pagebuilder-main\node_modules\jsdom\lib\jsdom\living\events\EventTarget-impl.js:350:25)
          at invokeEventListeners (D:\js-pagebuilder-main\node_modules\jsdom\lib\jsdom\living\events\EventTarget-impl.js:286:3)
          at HTMLUnknownElementImpl._dispatch (D:\js-pagebuilder-main\node_modules\jsdom\lib\jsdom\living\events\EventTarget-impl.js:233:9)
          at HTMLUnknownElementImpl.dispatchEvent (D:\js-pagebuilder-main\node_modules\jsdom\lib\jsdom\living\events\EventTarget-impl.js:104:17)
          at HTMLUnknownElement.dispatchEvent (D:\js-pagebuilder-main\node_modules\jsdom\lib\jsdom\living\generated\EventTarget.js:241:34)
          at Object.invokeGuardedCallbackDev (D:\js-pagebuilder-main\node_modules\react-dom\cjs\react-dom.development.js:4213:16)
          at invokeGuardedCallback (D:\js-pagebuilder-main\node_modules\react-dom\cjs\react-dom.development.js:4277:31)
          at beginWork$1 (D:\js-pagebuilder-main\node_modules\react-dom\cjs\react-dom.development.js:27490:7)
          at performUnitOfWork (D:\js-pagebuilder-main\node_modules\react-dom\cjs\react-dom.development.js:26599:12)
          at workLoopSync (D:\js-pagebuilder-main\node_modules\react-dom\cjs\react-dom.development.js:26505:5)
          at renderRootSync (D:\js-pagebuilder-main\node_modules\react-dom\cjs\react-dom.development.js:26473:7)
          at recoverFromConcurrentError (D:\js-pagebuilder-main\node_modules\react-dom\cjs\react-dom.development.js:25889:20)
          at performConcurrentWorkOnRoot (D:\js-pagebuilder-main\node_modules\react-dom\cjs\react-dom.development.js:25789:22)
          at flushActQueue (D:\js-pagebuilder-main\node_modules\react\cjs\react.development.js:2667:24)
          at act (D:\js-pagebuilder-main\node_modules\react\cjs\react.development.js:2582:11)
          at D:\js-pagebuilder-main\node_modules\@testing-library\react\dist\act-compat.js:47:25
          at renderRoot (D:\js-pagebuilder-main\node_modules\@testing-library\react\dist\pure.js:190:26)
          at render (D:\js-pagebuilder-main\node_modules\@testing-library\react\dist\pure.js:292:10)
          at Object.<anonymous> (D:\js-pagebuilder-main\src\components\blocks\__tests__\ProductLayout.test.tsx:89:37)
          at Promise.finally.completed (D:\js-pagebuilder-main\node_modules\jest-circus\build\jestAdapterInit.js:1556:28)
          at new Promise (<anonymous>)
          at callAsyncCircusFn (D:\js-pagebuilder-main\node_modules\jest-circus\build\jestAdapterInit.js:1496:10)
          at _callCircusTest (D:\js-pagebuilder-main\node_modules\jest-circus\build\jestAdapterInit.js:1006:40)
          at _runTest (D:\js-pagebuilder-main\node_modules\jest-circus\build\jestAdapterInit.js:946:3)
          at _runTestsForDescribeBlock (D:\js-pagebuilder-main\node_modules\jest-circus\build\jestAdapterInit.js:839:13)
          at _runTestsForDescribeBlock (D:\js-pagebuilder-main\node_modules\jest-circus\build\jestAdapterInit.js:829:11)
          at run (D:\js-pagebuilder-main\node_modules\jest-circus\build\jestAdapterInit.js:757:3)
          at runAndTransformResultsToJestFormat (D:\js-pagebuilder-main\node_modules\jest-circus\build\jestAdapterInit.js:1917:21)
          at jestAdapter (D:\js-pagebuilder-main\node_modules\jest-circus\build\runner.js:101:19)
          at runTestInternal (D:\js-pagebuilder-main\node_modules\jest-runner\build\index.js:275:16)
          at runTest (D:\js-pagebuilder-main\node_modules\jest-runner\build\index.js:343:7),
      type: 'unhandled exception'
    }

    [0m [90m 87 |[39m             props[33m:[39m { [33m...[39mmockBlock[33m.[39mprops[33m,[39m buttonWidth[33m:[39m [32m'full'[39m }
     [90m 88 |[39m         }[33m;[39m
    [31m[1m>[22m[39m[90m 89 |[39m         [36mconst[39m { container } [33m=[39m render([33m<[39m[33mProductBlock[39m {[33m...[39mdefaultProps} block[33m=[39m{fullWidthBlock [36mas[39m any} [33m/[39m[33m>[39m)[33m;[39m
     [90m    |[39m                                     [31m[1m^[22m[39m
     [90m 90 |[39m         [36mawait[39m waitFor(() [33m=>[39m screen[33m.[39mgetAllByText([32m'Product Item'[39m))[33m;[39m
     [90m 91 |[39m
     [90m 92 |[39m         [36mconst[39m buttons [33m=[39m container[33m.[39mquerySelectorAll([32m'a'[39m)[33m;[39m[0m

      at VirtualConsole.<anonymous> (node_modules/@jest/environment-jsdom-abstract/build/index.js:78:23)
      at reportException (node_modules/jsdom/lib/jsdom/living/helpers/runtime-script-errors.js:70:28)
      at innerInvokeEventListeners (node_modules/jsdom/lib/jsdom/living/events/EventTarget-impl.js:353:9)
      at invokeEventListeners (node_modules/jsdom/lib/jsdom/living/events/EventTarget-impl.js:286:3)
      at HTMLUnknownElementImpl._dispatch (node_modules/jsdom/lib/jsdom/living/events/EventTarget-impl.js:233:9)
      at HTMLUnknownElementImpl.dispatchEvent (node_modules/jsdom/lib/jsdom/living/events/EventTarget-impl.js:104:17)
      at HTMLUnknownElement.dispatchEvent (node_modules/jsdom/lib/jsdom/living/generated/EventTarget.js:241:34)
      at Object.invokeGuardedCallbackDev (node_modules/react-dom/cjs/react-dom.development.js:4213:16)
      at invokeGuardedCallback (node_modules/react-dom/cjs/react-dom.development.js:4277:31)
      at beginWork$1 (node_modules/react-dom/cjs/react-dom.development.js:27490:7)
      at performUnitOfWork (node_modules/react-dom/cjs/react-dom.development.js:26599:12)
      at workLoopSync (node_modules/react-dom/cjs/react-dom.development.js:26505:5)
      at renderRootSync (node_modules/react-dom/cjs/react-dom.development.js:26473:7)
      at recoverFromConcurrentError (node_modules/react-dom/cjs/react-dom.development.js:25889:20)
      at performConcurrentWorkOnRoot (node_modules/react-dom/cjs/react-dom.development.js:25789:22)
      at flushActQueue (node_modules/react/cjs/react.development.js:2667:24)
      at act (node_modules/react/cjs/react.development.js:2582:11)
      at node_modules/@testing-library/react/dist/act-compat.js:47:25
      at renderRoot (node_modules/@testing-library/react/dist/pure.js:190:26)
      at render (node_modules/@testing-library/react/dist/pure.js:292:10)
      at Object.<anonymous> (src/components/blocks/__tests__/ProductLayout.test.tsx:89:37)

  console.error
    The above error occurred in the <ProductBlock> component:
    
        at ProductBlock (D:\js-pagebuilder-main\src\components\blocks\ProductBlock.tsx:12:9)
    
    Consider adding an error boundary to your tree to customize error handling behavior.
    Visit https://reactjs.org/link/error-boundaries to learn more about error boundaries.

    [0m [90m 87 |[39m             props[33m:[39m { [33m...[39mmockBlock[33m.[39mprops[33m,[39m buttonWidth[33m:[39m [32m'full'[39m }
     [90m 88 |[39m         }[33m;[39m
    [31m[1m>[22m[39m[90m 89 |[39m         [36mconst[39m { container } [33m=[39m render([33m<[39m[33mProductBlock[39m {[33m...[39mdefaultProps} block[33m=[39m{fullWidthBlock [36mas[39m any} [33m/[39m[33m>[39m)[33m;[39m
     [90m    |[39m                                     [31m[1m^[22m[39m
     [90m 90 |[39m         [36mawait[39m waitFor(() [33m=>[39m screen[33m.[39mgetAllByText([32m'Product Item'[39m))[33m;[39m
     [90m 91 |[39m
     [90m 92 |[39m         [36mconst[39m buttons [33m=[39m container[33m.[39mquerySelectorAll([32m'a'[39m)[33m;[39m[0m

      at logCapturedError (node_modules/react-dom/cjs/react-dom.development.js:18704:23)
      at update.callback (node_modules/react-dom/cjs/react-dom.development.js:18737:5)
      at callCallback (node_modules/react-dom/cjs/react-dom.development.js:15036:12)
      at commitUpdateQueue (node_modules/react-dom/cjs/react-dom.development.js:15057:9)
      at commitLayoutEffectOnFiber (node_modules/react-dom/cjs/react-dom.development.js:23430:13)
      at commitLayoutMountEffects_complete (node_modules/react-dom/cjs/react-dom.development.js:24727:9)
      at commitLayoutEffects_begin (node_modules/react-dom/cjs/react-dom.development.js:24713:7)
      at commitLayoutEffects (node_modules/react-dom/cjs/react-dom.development.js:24651:3)
      at commitRootImpl (node_modules/react-dom/cjs/react-dom.development.js:26862:5)
      at commitRoot (node_modules/react-dom/cjs/react-dom.development.js:26721:5)
      at finishConcurrentRender (node_modules/react-dom/cjs/react-dom.development.js:25931:9)
      at performConcurrentWorkOnRoot (node_modules/react-dom/cjs/react-dom.development.js:25848:7)
      at flushActQueue (node_modules/react/cjs/react.development.js:2667:24)
      at act (node_modules/react/cjs/react.development.js:2582:11)
      at node_modules/@testing-library/react/dist/act-compat.js:47:25
      at renderRoot (node_modules/@testing-library/react/dist/pure.js:190:26)
      at render (node_modules/@testing-library/react/dist/pure.js:292:10)
      at Object.<anonymous> (src/components/blocks/__tests__/ProductLayout.test.tsx:89:37)

FAIL src/components/
blocks/__tests__/Pro
ductLayout.test.tsx
  ProductBlock 
Layout Logic
    ├ù renders 
Responsive Grid 
styles correctly 
(120 ms)
    ├ù applies 
button width class 
correctly (26 ms)
    ├ù applies full 
width button class 
when configured (31 
ms)

  ΓùÅ ProductBlock 
Layout Logic ΓÇ║ 
renders Responsive 
Grid styles 
correctly

    TypeError: 
Cannot read 
properties of 
undefined (reading 
'useEffect')

    [0m [90m 68 
|[39m   
[36mconst[39m 
[error[33m,[39m 
setError] 
[33m=[39m useState
[33m<[39m[33mstri
ng[39m [33m|[39m 
[36mnull[39m[33m>
[39m([36mnull[39m
)[33m;[39m
     [90m 69 |[39m
    [31m[1m>[22m
[39m[90m 70 |[39m 
  [33mReact[39m[3
3m.[39museEffect(()
 [33m=>[39m {
     [90m    
|[39m         
[31m[1m^[22m[39m
     [90m 71 
|[39m     
[36mif[39m 
(source 
[33m===[39m 
[32m'api'[39m 
[33m&&[39m 
apiUrl) {
     [90m 72 
|[39m       setLoad
ing([36mtrue[39m)
[33m;[39m
     [90m 73 
|[39m       setErro
r([36mnull[39m)[3
3m;[39m[0m

      at 
ProductBlock (src/co
mponents/blocks/Prod
uctBlock.tsx:70:9)
      at 
renderWithHooks (nod
e_modules/react-dom/
cjs/react-dom.develo
pment.js:15486:18)
      at mountIndete
rminateComponent (no
de_modules/react-dom
/cjs/react-dom.devel
opment.js:20103:13)
      at beginWork (
node_modules/react-d
om/cjs/react-dom.dev
elopment.js:21626:16
)
      at 
beginWork$1 (node_mo
dules/react-dom/cjs/
react-dom.developmen
t.js:27465:14)
      at 
performUnitOfWork (n
ode_modules/react-do
m/cjs/react-dom.deve
lopment.js:26599:12)
      at 
workLoopSync (node_m
odules/react-dom/cjs
/react-dom.developme
nt.js:26505:5)
      at 
renderRootSync (node
_modules/react-dom/c
js/react-dom.develop
ment.js:26473:7)
      at recoverFrom
ConcurrentError (nod
e_modules/react-dom/
cjs/react-dom.develo
pment.js:25889:20)
      at performConc
urrentWorkOnRoot (no
de_modules/react-dom
/cjs/react-dom.devel
opment.js:25789:22)
      at 
flushActQueue (node_
modules/react/cjs/re
act.development.js:2
667:24)
      at act (node_m
odules/react/cjs/rea
ct.development.js:25
82:11)
      at node_module
s/@testing-library/r
eact/dist/act-compat
.js:47:25
      at renderRoot 
(node_modules/@testi
ng-library/react/dis
t/pure.js:190:26)
      at render (nod
e_modules/@testing-l
ibrary/react/dist/pu
re.js:292:10)
      at 
Object.<anonymous> (
src/components/block
s/__tests__/ProductL
ayout.test.tsx:50:37
)

  ΓùÅ ProductBlock 
Layout Logic ΓÇ║ 
applies button 
width class 
correctly

    TypeError: 
Cannot read 
properties of 
undefined (reading 
'useEffect')

    [0m [90m 68 
|[39m   
[36mconst[39m 
[error[33m,[39m 
setError] 
[33m=[39m useState
[33m<[39m[33mstri
ng[39m [33m|[39m 
[36mnull[39m[33m>
[39m([36mnull[39m
)[33m;[39m
     [90m 69 |[39m
    [31m[1m>[22m
[39m[90m 70 |[39m 
  [33mReact[39m[3
3m.[39museEffect(()
 [33m=>[39m {
     [90m    
|[39m         
[31m[1m^[22m[39m
     [90m 71 
|[39m     
[36mif[39m 
(source 
[33m===[39m 
[32m'api'[39m 
[33m&&[39m 
apiUrl) {
     [90m 72 
|[39m       setLoad
ing([36mtrue[39m)
[33m;[39m
     [90m 73 
|[39m       setErro
r([36mnull[39m)[3
3m;[39m[0m

      at 
ProductBlock (src/co
mponents/blocks/Prod
uctBlock.tsx:70:9)
      at 
renderWithHooks (nod
e_modules/react-dom/
cjs/react-dom.develo
pment.js:15486:18)
      at mountIndete
rminateComponent (no
de_modules/react-dom
/cjs/react-dom.devel
opment.js:20103:13)
      at beginWork (
node_modules/react-d
om/cjs/react-dom.dev
elopment.js:21626:16
)
      at 
beginWork$1 (node_mo
dules/react-dom/cjs/
react-dom.developmen
t.js:27465:14)
      at 
performUnitOfWork (n
ode_modules/react-do
m/cjs/react-dom.deve
lopment.js:26599:12)
      at 
workLoopSync (node_m
odules/react-dom/cjs
/react-dom.developme
nt.js:26505:5)
      at 
renderRootSync (node
_modules/react-dom/c
js/react-dom.develop
ment.js:26473:7)
      at recoverFrom
ConcurrentError (nod
e_modules/react-dom/
cjs/react-dom.develo
pment.js:25889:20)
      at performConc
urrentWorkOnRoot (no
de_modules/react-dom
/cjs/react-dom.devel
opment.js:25789:22)
      at 
flushActQueue (node_
modules/react/cjs/re
act.development.js:2
667:24)
      at act (node_m
odules/react/cjs/rea
ct.development.js:25
82:11)
      at node_module
s/@testing-library/r
eact/dist/act-compat
.js:47:25
      at renderRoot 
(node_modules/@testi
ng-library/react/dis
t/pure.js:190:26)
      at render (nod
e_modules/@testing-l
ibrary/react/dist/pu
re.js:292:10)
      at 
Object.<anonymous> (
src/components/block
s/__tests__/ProductL
ayout.test.tsx:74:37
)

  ΓùÅ ProductBlock 
Layout Logic ΓÇ║ 
applies full width 
button class when 
configured

    TypeError: 
Cannot read 
properties of 
undefined (reading 
'useEffect')

    [0m [90m 68 
|[39m   
[36mconst[39m 
[error[33m,[39m 
setError] 
[33m=[39m useState
[33m<[39m[33mstri
ng[39m [33m|[39m 
[36mnull[39m[33m>
[39m([36mnull[39m
)[33m;[39m
     [90m 69 |[39m
    [31m[1m>[22m
[39m[90m 70 |[39m 
  [33mReact[39m[3
3m.[39museEffect(()
 [33m=>[39m {
     [90m    
|[39m         
[31m[1m^[22m[39m
     [90m 71 
|[39m     
[36mif[39m 
(source 
[33m===[39m 
[32m'api'[39m 
[33m&&[39m 
apiUrl) {
     [90m 72 
|[39m       setLoad
ing([36mtrue[39m)
[33m;[39m
     [90m 73 
|[39m       setErro
r([36mnull[39m)[3
3m;[39m[0m

      at 
ProductBlock (src/co
mponents/blocks/Prod
uctBlock.tsx:70:9)
      at 
renderWithHooks (nod
e_modules/react-dom/
cjs/react-dom.develo
pment.js:15486:18)
      at mountIndete
rminateComponent (no
de_modules/react-dom
/cjs/react-dom.devel
opment.js:20103:13)
      at beginWork (
node_modules/react-d
om/cjs/react-dom.dev
elopment.js:21626:16
)
      at 
beginWork$1 (node_mo
dules/react-dom/cjs/
react-dom.developmen
t.js:27465:14)
      at 
performUnitOfWork (n
ode_modules/react-do
m/cjs/react-dom.deve
lopment.js:26599:12)
      at 
workLoopSync (node_m
odules/react-dom/cjs
/react-dom.developme
nt.js:26505:5)
      at 
renderRootSync (node
_modules/react-dom/c
js/react-dom.develop
ment.js:26473:7)
      at recoverFrom
ConcurrentError (nod
e_modules/react-dom/
cjs/react-dom.develo
pment.js:25889:20)
      at performConc
urrentWorkOnRoot (no
de_modules/react-dom
/cjs/react-dom.devel
opment.js:25789:22)
      at 
flushActQueue (node_
modules/react/cjs/re
act.development.js:2
667:24)
      at act (node_m
odules/react/cjs/rea
ct.development.js:25
82:11)
      at node_module
s/@testing-library/r
eact/dist/act-compat
.js:47:25
      at renderRoot 
(node_modules/@testi
ng-library/react/dis
t/pure.js:190:26)
      at render (nod
e_modules/@testing-l
ibrary/react/dist/pu
re.js:292:10)
      at 
Object.<anonymous> (
src/components/block
s/__tests__/ProductL
ayout.test.tsx:89:37
)

Test Suites: 1 
failed, 1 total
Tests:       3 
failed, 3 total
Snapshots:   0 total
Time:        2 s
Ran all test suites 
matching src/compone
nts/blocks/__tests__
/ProductLayout.test.
tsx.
